------------------------------------------------------------
TimeQuest Timing Analyzer Summary
------------------------------------------------------------

Type  : Slow 1200mV 85C Model Setup 'clk50MHz'
Slack : -4.118
TNS   : -100.343

Type  : Slow 1200mV 85C Model Setup 'clk_gen:U_CLK_GEN|clk_div:CLK_DIV|tmp'
Slack : -1.172
TNS   : -11.274

Type  : Slow 1200mV 85C Model Setup 'clk_gen:U_CLK_GEN|clk_out'
Slack : -0.481
TNS   : -1.207

Type  : Slow 1200mV 85C Model Hold 'clk50MHz'
Slack : -0.001
TNS   : -0.001

Type  : Slow 1200mV 85C Model Hold 'clk_gen:U_CLK_GEN|clk_out'
Slack : 0.362
TNS   : 0.000

Type  : Slow 1200mV 85C Model Hold 'clk_gen:U_CLK_GEN|clk_div:CLK_DIV|tmp'
Slack : 0.385
TNS   : 0.000

Type  : Slow 1200mV 85C Model Minimum Pulse Width 'clk50MHz'
Slack : -3.000
TNS   : -36.000

Type  : Slow 1200mV 85C Model Minimum Pulse Width 'clk_gen:U_CLK_GEN|clk_out'
Slack : -1.000
TNS   : -24.000

Type  : Slow 1200mV 85C Model Minimum Pulse Width 'clk_gen:U_CLK_GEN|clk_div:CLK_DIV|tmp'
Slack : -1.000
TNS   : -10.000

Type  : Slow 1200mV 0C Model Setup 'clk50MHz'
Slack : -3.510
TNS   : -85.328

Type  : Slow 1200mV 0C Model Setup 'clk_gen:U_CLK_GEN|clk_div:CLK_DIV|tmp'
Slack : -0.958
TNS   : -9.162

Type  : Slow 1200mV 0C Model Setup 'clk_gen:U_CLK_GEN|clk_out'
Slack : -0.322
TNS   : -0.749

Type  : Slow 1200mV 0C Model Hold 'clk50MHz'
Slack : -0.007
TNS   : -0.007

Type  : Slow 1200mV 0C Model Hold 'clk_gen:U_CLK_GEN|clk_out'
Slack : 0.320
TNS   : 0.000

Type  : Slow 1200mV 0C Model Hold 'clk_gen:U_CLK_GEN|clk_div:CLK_DIV|tmp'
Slack : 0.340
TNS   : 0.000

Type  : Slow 1200mV 0C Model Minimum Pulse Width 'clk50MHz'
Slack : -3.000
TNS   : -36.000

Type  : Slow 1200mV 0C Model Minimum Pulse Width 'clk_gen:U_CLK_GEN|clk_out'
Slack : -1.000
TNS   : -24.000

Type  : Slow 1200mV 0C Model Minimum Pulse Width 'clk_gen:U_CLK_GEN|clk_div:CLK_DIV|tmp'
Slack : -1.000
TNS   : -10.000

Type  : Fast 1200mV 0C Model Setup 'clk50MHz'
Slack : -1.911
TNS   : -43.180

Type  : Fast 1200mV 0C Model Setup 'clk_gen:U_CLK_GEN|clk_div:CLK_DIV|tmp'
Slack : -0.192
TNS   : -1.728

Type  : Fast 1200mV 0C Model Setup 'clk_gen:U_CLK_GEN|clk_out'
Slack : 0.186
TNS   : 0.000

Type  : Fast 1200mV 0C Model Hold 'clk50MHz'
Slack : -0.079
TNS   : -0.079

Type  : Fast 1200mV 0C Model Hold 'clk_gen:U_CLK_GEN|clk_out'
Slack : 0.193
TNS   : 0.000

Type  : Fast 1200mV 0C Model Hold 'clk_gen:U_CLK_GEN|clk_div:CLK_DIV|tmp'
Slack : 0.200
TNS   : 0.000

Type  : Fast 1200mV 0C Model Minimum Pulse Width 'clk50MHz'
Slack : -3.000
TNS   : -37.858

Type  : Fast 1200mV 0C Model Minimum Pulse Width 'clk_gen:U_CLK_GEN|clk_out'
Slack : -1.000
TNS   : -24.000

Type  : Fast 1200mV 0C Model Minimum Pulse Width 'clk_gen:U_CLK_GEN|clk_div:CLK_DIV|tmp'
Slack : -1.000
TNS   : -10.000

------------------------------------------------------------
